// Jest Snapshot v1, https://goo.gl/fbAQLP

exports[`DashboardView should render correctly 1`] = `
<div>
  <SidebarPushable
    as={[Function]}
  >
    <Sidebar
      animation="overlay"
      as={[Function]}
      direction="left"
      icon="labeled"
      inverted={true}
      vertical={true}
      visible={true}
      width="thin"
    >
      <MenuItem
        href="/#/dashboard"
        name="dashboard"
        onClick={[Function]}
      >
        <Image
          as="img"
          centered={true}
          className="sidebarImage"
          size="mini"
          src="https://i.imgur.com/KGxefXR.png"
          ui={true}
        />
        Dashboard
      </MenuItem>
      <MenuItem
        href="/#/dashboard"
        name="profile"
        onClick={[Function]}
      >
        <Image
          as="img"
          centered={true}
          className="sidebarImage"
          size="mini"
          src="https://i.imgur.com/NPTPrq1.png"
          ui={true}
        />
        Profile
      </MenuItem>
      <MenuItem
        href="/#/dashboard"
        name="students"
        onClick={[Function]}
      >
        <Image
          as="img"
          centered={true}
          className="sidebarImage"
          size="mini"
          src="https://i.imgur.com/GoTXYmd.png"
          ui={true}
        />
        Students
      </MenuItem>
      <MenuItem
        href="/#/dashboard"
        name="invoices"
        onClick={[Function]}
      >
        <Image
          as="img"
          centered={true}
          className="sidebarImage"
          size="mini"
          src="https://i.imgur.com/7ZO6t7i.png"
          ui={true}
        />
        Invoices
      </MenuItem>
      <MenuItem
        href="/#/dashboard"
        name="subscriptions"
        onClick={[Function]}
      >
        <Image
          as="img"
          centered={true}
          className="sidebarImage"
          size="mini"
          src="https://i.imgur.com/0vrLU3H.png"
          ui={true}
        />
        Subscriptions
      </MenuItem>
    </Sidebar>
    <SidebarPusher>
      <div>
        <Container
          className="dashboardviews"
        >
          <h1
            className="viewHeader"
          >
            Dashboard
          </h1>
          <AvailabilityView />
        </Container>
      </div>
    </SidebarPusher>
  </SidebarPushable>
</div>
`;
